// Jest Snapshot v1, https://goo.gl/fbAQLP

exports[`Product Snapshot Deve corresponder ao Snapshot 1`] = `
Object {
  "asFragment": [Function],
  "baseElement": <body>
    <div>
      <div
        class="MuiContainer-root MuiContainer-maxWidthLg css-1oqqzyl-MuiContainer-root"
      >
        <div
          class="MuiBox-root css-j7qwjs"
        >
          <div
            class="MuiBox-root css-icv5vm"
          >
            <div
              class="MuiBox-root css-0"
            >
              <span
                class="MuiSkeleton-root MuiSkeleton-text MuiSkeleton-pulse css-1n7gpw1-MuiSkeleton-root"
                style="width: 400px; height: 50px;"
              />
              <span
                class="MuiSkeleton-root MuiSkeleton-text MuiSkeleton-pulse css-1n7gpw1-MuiSkeleton-root"
                style="width: 200px; height: 16px;"
              />
            </div>
          </div>
          <div
            class="MuiBox-root css-m76iwz"
          >
            <span
              class="MuiSkeleton-root MuiSkeleton-text MuiSkeleton-pulse css-1n7gpw1-MuiSkeleton-root"
              style="width: 150px; height: 45px;"
            />
          </div>
          <span
            class="MuiSkeleton-root MuiSkeleton-rectangular MuiSkeleton-pulse css-58ftfq-MuiSkeleton-root"
            style="height: 480px;"
          />
        </div>
      </div>
      <div
        class="MuiBox-root css-m6nhw9"
      >
        <div
          class="styles__Wrapper-sc-1mjhzrd-0 hvqbPr"
        >
          <div
            class="MuiContainer-root MuiContainer-maxWidthLg css-1oqqzyl-MuiContainer-root"
          >
            <div
              class="MuiBox-root css-1yjvs5a"
            >
              <span
                class="MuiSkeleton-root MuiSkeleton-text MuiSkeleton-pulse css-1n7gpw1-MuiSkeleton-root"
                style="width: 150px; height: 50px;"
              />
            </div>
            <div
              class="MuiBox-root css-1yjvs5a"
            >
              <div
                class="MuiBox-root css-wlea3r"
              >
                <span
                  class="MuiSkeleton-root MuiSkeleton-rectangular MuiSkeleton-pulse css-58ftfq-MuiSkeleton-root"
                  style="height: 45px;"
                />
              </div>
              <div
                class="MuiBox-root css-wlea3r"
              >
                <span
                  class="MuiSkeleton-root MuiSkeleton-rectangular MuiSkeleton-pulse css-58ftfq-MuiSkeleton-root"
                  style="height: 45px;"
                />
              </div>
              <div
                class="MuiBox-root css-wlea3r"
              >
                <span
                  class="MuiSkeleton-root MuiSkeleton-rectangular MuiSkeleton-pulse css-58ftfq-MuiSkeleton-root"
                  style="height: 45px;"
                />
              </div>
              <div
                class="MuiBox-root css-wlea3r"
              >
                <span
                  class="MuiSkeleton-root MuiSkeleton-rectangular MuiSkeleton-pulse css-58ftfq-MuiSkeleton-root"
                  style="height: 45px;"
                />
              </div>
              <div
                class="MuiBox-root css-wlea3r"
              >
                <span
                  class="MuiSkeleton-root MuiSkeleton-rectangular MuiSkeleton-pulse css-58ftfq-MuiSkeleton-root"
                  style="height: 45px;"
                />
              </div>
            </div>
          </div>
        </div>
      </div>
    </div>
  </body>,
  "container": <div>
    <div
      class="MuiContainer-root MuiContainer-maxWidthLg css-1oqqzyl-MuiContainer-root"
    >
      <div
        class="MuiBox-root css-j7qwjs"
      >
        <div
          class="MuiBox-root css-icv5vm"
        >
          <div
            class="MuiBox-root css-0"
          >
            <span
              class="MuiSkeleton-root MuiSkeleton-text MuiSkeleton-pulse css-1n7gpw1-MuiSkeleton-root"
              style="width: 400px; height: 50px;"
            />
            <span
              class="MuiSkeleton-root MuiSkeleton-text MuiSkeleton-pulse css-1n7gpw1-MuiSkeleton-root"
              style="width: 200px; height: 16px;"
            />
          </div>
        </div>
        <div
          class="MuiBox-root css-m76iwz"
        >
          <span
            class="MuiSkeleton-root MuiSkeleton-text MuiSkeleton-pulse css-1n7gpw1-MuiSkeleton-root"
            style="width: 150px; height: 45px;"
          />
        </div>
        <span
          class="MuiSkeleton-root MuiSkeleton-rectangular MuiSkeleton-pulse css-58ftfq-MuiSkeleton-root"
          style="height: 480px;"
        />
      </div>
    </div>
    <div
      class="MuiBox-root css-m6nhw9"
    >
      <div
        class="styles__Wrapper-sc-1mjhzrd-0 hvqbPr"
      >
        <div
          class="MuiContainer-root MuiContainer-maxWidthLg css-1oqqzyl-MuiContainer-root"
        >
          <div
            class="MuiBox-root css-1yjvs5a"
          >
            <span
              class="MuiSkeleton-root MuiSkeleton-text MuiSkeleton-pulse css-1n7gpw1-MuiSkeleton-root"
              style="width: 150px; height: 50px;"
            />
          </div>
          <div
            class="MuiBox-root css-1yjvs5a"
          >
            <div
              class="MuiBox-root css-wlea3r"
            >
              <span
                class="MuiSkeleton-root MuiSkeleton-rectangular MuiSkeleton-pulse css-58ftfq-MuiSkeleton-root"
                style="height: 45px;"
              />
            </div>
            <div
              class="MuiBox-root css-wlea3r"
            >
              <span
                class="MuiSkeleton-root MuiSkeleton-rectangular MuiSkeleton-pulse css-58ftfq-MuiSkeleton-root"
                style="height: 45px;"
              />
            </div>
            <div
              class="MuiBox-root css-wlea3r"
            >
              <span
                class="MuiSkeleton-root MuiSkeleton-rectangular MuiSkeleton-pulse css-58ftfq-MuiSkeleton-root"
                style="height: 45px;"
              />
            </div>
            <div
              class="MuiBox-root css-wlea3r"
            >
              <span
                class="MuiSkeleton-root MuiSkeleton-rectangular MuiSkeleton-pulse css-58ftfq-MuiSkeleton-root"
                style="height: 45px;"
              />
            </div>
            <div
              class="MuiBox-root css-wlea3r"
            >
              <span
                class="MuiSkeleton-root MuiSkeleton-rectangular MuiSkeleton-pulse css-58ftfq-MuiSkeleton-root"
                style="height: 45px;"
              />
            </div>
          </div>
        </div>
      </div>
    </div>
  </div>,
  "debug": [Function],
  "findAllByAltText": [Function],
  "findAllByDisplayValue": [Function],
  "findAllByLabelText": [Function],
  "findAllByPlaceholderText": [Function],
  "findAllByRole": [Function],
  "findAllByTestId": [Function],
  "findAllByText": [Function],
  "findAllByTitle": [Function],
  "findByAltText": [Function],
  "findByDisplayValue": [Function],
  "findByLabelText": [Function],
  "findByPlaceholderText": [Function],
  "findByRole": [Function],
  "findByTestId": [Function],
  "findByText": [Function],
  "findByTitle": [Function],
  "getAllByAltText": [Function],
  "getAllByDisplayValue": [Function],
  "getAllByLabelText": [Function],
  "getAllByPlaceholderText": [Function],
  "getAllByRole": [Function],
  "getAllByTestId": [Function],
  "getAllByText": [Function],
  "getAllByTitle": [Function],
  "getByAltText": [Function],
  "getByDisplayValue": [Function],
  "getByLabelText": [Function],
  "getByPlaceholderText": [Function],
  "getByRole": [Function],
  "getByTestId": [Function],
  "getByText": [Function],
  "getByTitle": [Function],
  "queryAllByAltText": [Function],
  "queryAllByDisplayValue": [Function],
  "queryAllByLabelText": [Function],
  "queryAllByPlaceholderText": [Function],
  "queryAllByRole": [Function],
  "queryAllByTestId": [Function],
  "queryAllByText": [Function],
  "queryAllByTitle": [Function],
  "queryByAltText": [Function],
  "queryByDisplayValue": [Function],
  "queryByLabelText": [Function],
  "queryByPlaceholderText": [Function],
  "queryByRole": [Function],
  "queryByTestId": [Function],
  "queryByText": [Function],
  "queryByTitle": [Function],
  "rerender": [Function],
  "unmount": [Function],
}
`;

exports[`Products Snapshot Deve corresponder ao Snapshot 1`] = `
Object {
  "asFragment": [Function],
  "baseElement": <body>
    <div>
      <div
        class="MuiContainer-root MuiContainer-maxWidthLg css-1oqqzyl-MuiContainer-root"
      >
        <div
          class="MuiBox-root css-j7qwjs"
        >
          <div
            class="MuiBox-root css-icv5vm"
          >
            <div
              class="MuiBox-root css-0"
            >
              <span
                class="MuiSkeleton-root MuiSkeleton-text MuiSkeleton-pulse css-1n7gpw1-MuiSkeleton-root"
                style="width: 400px; height: 50px;"
              />
              <span
                class="MuiSkeleton-root MuiSkeleton-text MuiSkeleton-pulse css-1n7gpw1-MuiSkeleton-root"
                style="width: 200px; height: 16px;"
              />
            </div>
          </div>
          <div
            class="MuiBox-root css-m76iwz"
          >
            <span
              class="MuiSkeleton-root MuiSkeleton-text MuiSkeleton-pulse css-1n7gpw1-MuiSkeleton-root"
              style="width: 150px; height: 45px;"
            />
          </div>
          <span
            class="MuiSkeleton-root MuiSkeleton-rectangular MuiSkeleton-pulse css-58ftfq-MuiSkeleton-root"
            style="height: 480px;"
          />
        </div>
      </div>
      <div
        class="MuiBox-root css-m6nhw9"
      >
        <div
          class="styles__Wrapper-sc-1mjhzrd-0 hvqbPr"
        >
          <div
            class="MuiContainer-root MuiContainer-maxWidthLg css-1oqqzyl-MuiContainer-root"
          >
            <div
              class="MuiBox-root css-1yjvs5a"
            >
              <span
                class="MuiSkeleton-root MuiSkeleton-text MuiSkeleton-pulse css-1n7gpw1-MuiSkeleton-root"
                style="width: 150px; height: 50px;"
              />
            </div>
            <div
              class="MuiBox-root css-1yjvs5a"
            >
              <div
                class="MuiBox-root css-wlea3r"
              >
                <span
                  class="MuiSkeleton-root MuiSkeleton-rectangular MuiSkeleton-pulse css-58ftfq-MuiSkeleton-root"
                  style="height: 45px;"
                />
              </div>
              <div
                class="MuiBox-root css-wlea3r"
              >
                <span
                  class="MuiSkeleton-root MuiSkeleton-rectangular MuiSkeleton-pulse css-58ftfq-MuiSkeleton-root"
                  style="height: 45px;"
                />
              </div>
              <div
                class="MuiBox-root css-wlea3r"
              >
                <span
                  class="MuiSkeleton-root MuiSkeleton-rectangular MuiSkeleton-pulse css-58ftfq-MuiSkeleton-root"
                  style="height: 45px;"
                />
              </div>
              <div
                class="MuiBox-root css-wlea3r"
              >
                <span
                  class="MuiSkeleton-root MuiSkeleton-rectangular MuiSkeleton-pulse css-58ftfq-MuiSkeleton-root"
                  style="height: 45px;"
                />
              </div>
              <div
                class="MuiBox-root css-wlea3r"
              >
                <span
                  class="MuiSkeleton-root MuiSkeleton-rectangular MuiSkeleton-pulse css-58ftfq-MuiSkeleton-root"
                  style="height: 45px;"
                />
              </div>
            </div>
          </div>
        </div>
      </div>
    </div>
  </body>,
  "container": <div>
    <div
      class="MuiContainer-root MuiContainer-maxWidthLg css-1oqqzyl-MuiContainer-root"
    >
      <div
        class="MuiBox-root css-j7qwjs"
      >
        <div
          class="MuiBox-root css-icv5vm"
        >
          <div
            class="MuiBox-root css-0"
          >
            <span
              class="MuiSkeleton-root MuiSkeleton-text MuiSkeleton-pulse css-1n7gpw1-MuiSkeleton-root"
              style="width: 400px; height: 50px;"
            />
            <span
              class="MuiSkeleton-root MuiSkeleton-text MuiSkeleton-pulse css-1n7gpw1-MuiSkeleton-root"
              style="width: 200px; height: 16px;"
            />
          </div>
        </div>
        <div
          class="MuiBox-root css-m76iwz"
        >
          <span
            class="MuiSkeleton-root MuiSkeleton-text MuiSkeleton-pulse css-1n7gpw1-MuiSkeleton-root"
            style="width: 150px; height: 45px;"
          />
        </div>
        <span
          class="MuiSkeleton-root MuiSkeleton-rectangular MuiSkeleton-pulse css-58ftfq-MuiSkeleton-root"
          style="height: 480px;"
        />
      </div>
    </div>
    <div
      class="MuiBox-root css-m6nhw9"
    >
      <div
        class="styles__Wrapper-sc-1mjhzrd-0 hvqbPr"
      >
        <div
          class="MuiContainer-root MuiContainer-maxWidthLg css-1oqqzyl-MuiContainer-root"
        >
          <div
            class="MuiBox-root css-1yjvs5a"
          >
            <span
              class="MuiSkeleton-root MuiSkeleton-text MuiSkeleton-pulse css-1n7gpw1-MuiSkeleton-root"
              style="width: 150px; height: 50px;"
            />
          </div>
          <div
            class="MuiBox-root css-1yjvs5a"
          >
            <div
              class="MuiBox-root css-wlea3r"
            >
              <span
                class="MuiSkeleton-root MuiSkeleton-rectangular MuiSkeleton-pulse css-58ftfq-MuiSkeleton-root"
                style="height: 45px;"
              />
            </div>
            <div
              class="MuiBox-root css-wlea3r"
            >
              <span
                class="MuiSkeleton-root MuiSkeleton-rectangular MuiSkeleton-pulse css-58ftfq-MuiSkeleton-root"
                style="height: 45px;"
              />
            </div>
            <div
              class="MuiBox-root css-wlea3r"
            >
              <span
                class="MuiSkeleton-root MuiSkeleton-rectangular MuiSkeleton-pulse css-58ftfq-MuiSkeleton-root"
                style="height: 45px;"
              />
            </div>
            <div
              class="MuiBox-root css-wlea3r"
            >
              <span
                class="MuiSkeleton-root MuiSkeleton-rectangular MuiSkeleton-pulse css-58ftfq-MuiSkeleton-root"
                style="height: 45px;"
              />
            </div>
            <div
              class="MuiBox-root css-wlea3r"
            >
              <span
                class="MuiSkeleton-root MuiSkeleton-rectangular MuiSkeleton-pulse css-58ftfq-MuiSkeleton-root"
                style="height: 45px;"
              />
            </div>
          </div>
        </div>
      </div>
    </div>
  </div>,
  "debug": [Function],
  "findAllByAltText": [Function],
  "findAllByDisplayValue": [Function],
  "findAllByLabelText": [Function],
  "findAllByPlaceholderText": [Function],
  "findAllByRole": [Function],
  "findAllByTestId": [Function],
  "findAllByText": [Function],
  "findAllByTitle": [Function],
  "findByAltText": [Function],
  "findByDisplayValue": [Function],
  "findByLabelText": [Function],
  "findByPlaceholderText": [Function],
  "findByRole": [Function],
  "findByTestId": [Function],
  "findByText": [Function],
  "findByTitle": [Function],
  "getAllByAltText": [Function],
  "getAllByDisplayValue": [Function],
  "getAllByLabelText": [Function],
  "getAllByPlaceholderText": [Function],
  "getAllByRole": [Function],
  "getAllByTestId": [Function],
  "getAllByText": [Function],
  "getAllByTitle": [Function],
  "getByAltText": [Function],
  "getByDisplayValue": [Function],
  "getByLabelText": [Function],
  "getByPlaceholderText": [Function],
  "getByRole": [Function],
  "getByTestId": [Function],
  "getByText": [Function],
  "getByTitle": [Function],
  "queryAllByAltText": [Function],
  "queryAllByDisplayValue": [Function],
  "queryAllByLabelText": [Function],
  "queryAllByPlaceholderText": [Function],
  "queryAllByRole": [Function],
  "queryAllByTestId": [Function],
  "queryAllByText": [Function],
  "queryAllByTitle": [Function],
  "queryByAltText": [Function],
  "queryByDisplayValue": [Function],
  "queryByLabelText": [Function],
  "queryByPlaceholderText": [Function],
  "queryByRole": [Function],
  "queryByTestId": [Function],
  "queryByText": [Function],
  "queryByTitle": [Function],
  "rerender": [Function],
  "unmount": [Function],
}
`;
