// Jest Snapshot v1, https://goo.gl/fbAQLP

exports[`About Snapshot Deve corresponder ao Snapshot 1`] = `
Object {
  "asFragment": [Function],
  "baseElement": <body>
    <div>
      <div
        class="MuiContainer-root MuiContainer-maxWidthLg css-1oqqzyl-MuiContainer-root"
      >
        <div
          class="MuiBox-root css-1xhj18k"
        >
          <div
            class="MuiBox-root css-1j8dll2"
          >
            <div
              class="MuiBox-root css-k008qs"
            >
              <h4
                class="MuiTypography-root MuiTypography-h4 css-5lbw0b-MuiTypography-root"
                style="color: rgb(51, 86, 142); font-weight: bold;"
              >
                sub-title
              </h4>
            </div>
            <div
              class="MuiBox-root css-0"
            >
              <p
                class="MuiTypography-root MuiTypography-body1 css-ahj2mt-MuiTypography-root"
                style="font-size: 16px;"
              >
                description
              </p>
            </div>
            <div
              class="MuiBox-root css-1n8etdr"
            >
              <nav
                class="MuiList-root MuiList-padding css-h4y409-MuiList-root"
              >
                <div
                  class="MuiButtonBase-root MuiListItemButton-root MuiListItemButton-gutters Mui-selected MuiListItemButton-root MuiListItemButton-gutters Mui-selected css-1m026im-MuiButtonBase-root-MuiListItemButton-root"
                  role="button"
                  tabindex="0"
                >
                  <div
                    class="MuiBox-root css-sjfhw0"
                  >
                    <div
                      class="MuiBox-root css-1g9x5we"
                    >
                      <div
                        class="MuiListItemIcon-root css-cveggr-MuiListItemIcon-root"
                      >
                        <svg
                          aria-hidden="true"
                          class="MuiSvgIcon-root MuiSvgIcon-fontSizeMedium css-i4bv87-MuiSvgIcon-root"
                          data-testid="EastOutlinedIcon"
                          focusable="false"
                          viewBox="0 0 24 24"
                        >
                          <path
                            d="m15 5-1.41 1.41L18.17 11H2v2h16.17l-4.59 4.59L15 19l7-7z"
                          />
                        </svg>
                      </div>
                    </div>
                    <p
                      class="MuiTypography-root MuiTypography-body1 button-text css-1ixorw4-MuiTypography-root"
                    >
                      organization.id
                    </p>
                  </div>
                  <span
                    class="MuiTouchRipple-root css-8je8zh-MuiTouchRipple-root"
                  />
                </div>
                <div
                  class="MuiButtonBase-root MuiListItemButton-root MuiListItemButton-gutters MuiListItemButton-root MuiListItemButton-gutters css-yzx94z-MuiButtonBase-root-MuiListItemButton-root"
                  role="button"
                  tabindex="0"
                >
                  <div
                    class="MuiBox-root css-sjfhw0"
                  >
                    <div
                      class="MuiBox-root css-1g9x5we"
                    />
                    <p
                      class="MuiTypography-root MuiTypography-body1 button-text css-1ixorw4-MuiTypography-root"
                    >
                      repository.id
                    </p>
                  </div>
                  <span
                    class="MuiTouchRipple-root css-8je8zh-MuiTouchRipple-root"
                  />
                </div>
                <div
                  class="MuiButtonBase-root MuiListItemButton-root MuiListItemButton-gutters MuiListItemButton-root MuiListItemButton-gutters css-yzx94z-MuiButtonBase-root-MuiListItemButton-root"
                  role="button"
                  tabindex="0"
                >
                  <div
                    class="MuiBox-root css-sjfhw0"
                  >
                    <div
                      class="MuiBox-root css-1g9x5we"
                    />
                    <p
                      class="MuiTypography-root MuiTypography-body1 button-text css-1ixorw4-MuiTypography-root"
                    >
                      pre-config.id
                    </p>
                  </div>
                  <span
                    class="MuiTouchRipple-root css-8je8zh-MuiTouchRipple-root"
                  />
                </div>
                <div
                  class="MuiButtonBase-root MuiListItemButton-root MuiListItemButton-gutters MuiListItemButton-root MuiListItemButton-gutters css-yzx94z-MuiButtonBase-root-MuiListItemButton-root"
                  role="button"
                  tabindex="0"
                >
                  <div
                    class="MuiBox-root css-sjfhw0"
                  >
                    <div
                      class="MuiBox-root css-1g9x5we"
                    />
                    <p
                      class="MuiTypography-root MuiTypography-body1 button-text css-1ixorw4-MuiTypography-root"
                    >
                      config.id
                    </p>
                  </div>
                  <span
                    class="MuiTouchRipple-root css-8je8zh-MuiTouchRipple-root"
                  />
                </div>
              </nav>
            </div>
          </div>
          <div
            class="MuiBox-root css-euotp0"
          >
            <div
              class="MuiBox-root css-1mwjrl3"
            >
              <div
                class="MuiPaper-root MuiPaper-elevation MuiPaper-rounded MuiPaper-elevation1 MuiCard-root css-18vk9q-MuiPaper-root-MuiCard-root"
                id="organization.id"
              >
                <div
                  class="MuiCardContent-root css-1hpgiqs-MuiCardContent-root"
                >
                  <div
                    class="MuiBox-root css-1glkofm"
                  >
                    <div
                      class="MuiBox-root css-pw8lt9"
                      id="images"
                    >
                      <img
                        alt="green iguana"
                        class="MuiCardMedia-root MuiCardMedia-media MuiCardMedia-img css-14x8w58-MuiCardMedia-root"
                        src="/images/png/structure.png"
                      />
                    </div>
                    <div
                      class="MuiBox-root css-s4ej5b"
                      id="texts"
                    >
                      <div
                        class="MuiTypography-root MuiTypography-h5 MuiTypography-alignCenter MuiTypography-gutterBottom css-1g00ex-MuiTypography-root"
                      >
                        organization.title
                      </div>
                      <p
                        class="MuiTypography-root MuiTypography-body1 css-1oetjkv-MuiTypography-root"
                      >
                        organization.description
                      </p>
                    </div>
                  </div>
                </div>
                <div
                  class="MuiCardContent-root css-1hpgiqs-MuiCardContent-root"
                >
                  <div
                    class="MuiBox-root css-1glkofm"
                  >
                    <div
                      class="MuiBox-root css-pw8lt9"
                      id="images"
                    >
                      <img
                        alt="green iguana"
                        class="MuiCardMedia-root MuiCardMedia-media MuiCardMedia-img css-14x8w58-MuiCardMedia-root"
                        src="/images/png/development.png"
                      />
                    </div>
                    <div
                      class="MuiBox-root css-s4ej5b"
                      id="texts"
                    >
                      <div
                        class="MuiTypography-root MuiTypography-h5 MuiTypography-alignCenter MuiTypography-gutterBottom css-1g00ex-MuiTypography-root"
                      >
                        product.title
                      </div>
                      <p
                        class="MuiTypography-root MuiTypography-body1 css-1oetjkv-MuiTypography-root"
                      >
                        product.description
                      </p>
                    </div>
                  </div>
                </div>
              </div>
              <div
                class="MuiPaper-root MuiPaper-elevation MuiPaper-rounded MuiPaper-elevation1 MuiCard-root css-18vk9q-MuiPaper-root-MuiCard-root"
                id="repository.id"
              >
                <div
                  class="MuiCardContent-root css-1hpgiqs-MuiCardContent-root"
                >
                  <div
                    class="MuiBox-root css-1glkofm"
                  >
                    <div
                      class="MuiBox-root css-pw8lt9"
                      id="images"
                    >
                      <img
                        alt="green iguana"
                        class="MuiCardMedia-root MuiCardMedia-media MuiCardMedia-img css-14x8w58-MuiCardMedia-root"
                        src="/images/png/folders.png"
                      />
                    </div>
                    <div
                      class="MuiBox-root css-s4ej5b"
                      id="texts"
                    >
                      <div
                        class="MuiTypography-root MuiTypography-h5 MuiTypography-alignCenter MuiTypography-gutterBottom css-1g00ex-MuiTypography-root"
                      >
                        repository.title
                      </div>
                      <p
                        class="MuiTypography-root MuiTypography-body1 css-1oetjkv-MuiTypography-root"
                      >
                        repository.description
                      </p>
                    </div>
                  </div>
                </div>
                <div
                  class="MuiCardContent-root css-1hpgiqs-MuiCardContent-root"
                >
                  <div
                    class="MuiBox-root css-1glkofm"
                  >
                    <div
                      class="MuiBox-root css-pw8lt9"
                      id="images"
                    >
                      <img
                        alt="green iguana"
                        class="MuiCardMedia-root MuiCardMedia-media MuiCardMedia-img css-14x8w58-MuiCardMedia-root"
                        src="/images/png/new-offer.png"
                      />
                    </div>
                    <div
                      class="MuiBox-root css-s4ej5b"
                      id="texts"
                    >
                      <div
                        class="MuiTypography-root MuiTypography-h5 MuiTypography-alignCenter MuiTypography-gutterBottom css-1g00ex-MuiTypography-root"
                      >
                        release.title
                      </div>
                      <p
                        class="MuiTypography-root MuiTypography-body1 css-1oetjkv-MuiTypography-root"
                      >
                        release.description
                      </p>
                    </div>
                  </div>
                </div>
              </div>
              <div
                class="MuiPaper-root MuiPaper-elevation MuiPaper-rounded MuiPaper-elevation1 MuiCard-root css-18vk9q-MuiPaper-root-MuiCard-root"
                id="pre-config.id"
              >
                <div
                  class="MuiCardContent-root css-1hpgiqs-MuiCardContent-root"
                >
                  <div
                    class="MuiBox-root css-1glkofm"
                  >
                    <div
                      class="MuiBox-root css-pw8lt9"
                      id="images"
                    >
                      <img
                        alt="green iguana"
                        class="MuiCardMedia-root MuiCardMedia-media MuiCardMedia-img css-14x8w58-MuiCardMedia-root"
                        src="/images/png/setting.png"
                      />
                    </div>
                    <div
                      class="MuiBox-root css-s4ej5b"
                      id="texts"
                    >
                      <div
                        class="MuiTypography-root MuiTypography-h5 MuiTypography-alignCenter MuiTypography-gutterBottom css-1g00ex-MuiTypography-root"
                      >
                        pre-config.title
                      </div>
                      <p
                        class="MuiTypography-root MuiTypography-body1 css-1oetjkv-MuiTypography-root"
                      >
                        pre-config.description
                      </p>
                    </div>
                  </div>
                </div>
              </div>
              <div
                class="MuiPaper-root MuiPaper-elevation MuiPaper-rounded MuiPaper-elevation1 MuiCard-root css-18vk9q-MuiPaper-root-MuiCard-root"
                id="config.id"
              >
                <div
                  class="MuiCardContent-root css-1hpgiqs-MuiCardContent-root"
                >
                  <div
                    class="MuiBox-root css-1glkofm"
                  >
                    <div
                      class="MuiBox-root css-pw8lt9"
                      id="images"
                    >
                      <img
                        alt="green iguana"
                        class="MuiCardMedia-root MuiCardMedia-media MuiCardMedia-img css-14x8w58-MuiCardMedia-root"
                        src="/images/png/web-management.png"
                      />
                    </div>
                    <div
                      class="MuiBox-root css-s4ej5b"
                      id="texts"
                    >
                      <div
                        class="MuiTypography-root MuiTypography-h5 MuiTypography-alignCenter MuiTypography-gutterBottom css-1g00ex-MuiTypography-root"
                      >
                        config.title
                      </div>
                      <p
                        class="MuiTypography-root MuiTypography-body1 css-1oetjkv-MuiTypography-root"
                      >
                        config.description
                      </p>
                    </div>
                  </div>
                </div>
              </div>
            </div>
          </div>
        </div>
      </div>
    </div>
  </body>,
  "container": <div>
    <div
      class="MuiContainer-root MuiContainer-maxWidthLg css-1oqqzyl-MuiContainer-root"
    >
      <div
        class="MuiBox-root css-1xhj18k"
      >
        <div
          class="MuiBox-root css-1j8dll2"
        >
          <div
            class="MuiBox-root css-k008qs"
          >
            <h4
              class="MuiTypography-root MuiTypography-h4 css-5lbw0b-MuiTypography-root"
              style="color: rgb(51, 86, 142); font-weight: bold;"
            >
              sub-title
            </h4>
          </div>
          <div
            class="MuiBox-root css-0"
          >
            <p
              class="MuiTypography-root MuiTypography-body1 css-ahj2mt-MuiTypography-root"
              style="font-size: 16px;"
            >
              description
            </p>
          </div>
          <div
            class="MuiBox-root css-1n8etdr"
          >
            <nav
              class="MuiList-root MuiList-padding css-h4y409-MuiList-root"
            >
              <div
                class="MuiButtonBase-root MuiListItemButton-root MuiListItemButton-gutters Mui-selected MuiListItemButton-root MuiListItemButton-gutters Mui-selected css-1m026im-MuiButtonBase-root-MuiListItemButton-root"
                role="button"
                tabindex="0"
              >
                <div
                  class="MuiBox-root css-sjfhw0"
                >
                  <div
                    class="MuiBox-root css-1g9x5we"
                  >
                    <div
                      class="MuiListItemIcon-root css-cveggr-MuiListItemIcon-root"
                    >
                      <svg
                        aria-hidden="true"
                        class="MuiSvgIcon-root MuiSvgIcon-fontSizeMedium css-i4bv87-MuiSvgIcon-root"
                        data-testid="EastOutlinedIcon"
                        focusable="false"
                        viewBox="0 0 24 24"
                      >
                        <path
                          d="m15 5-1.41 1.41L18.17 11H2v2h16.17l-4.59 4.59L15 19l7-7z"
                        />
                      </svg>
                    </div>
                  </div>
                  <p
                    class="MuiTypography-root MuiTypography-body1 button-text css-1ixorw4-MuiTypography-root"
                  >
                    organization.id
                  </p>
                </div>
                <span
                  class="MuiTouchRipple-root css-8je8zh-MuiTouchRipple-root"
                />
              </div>
              <div
                class="MuiButtonBase-root MuiListItemButton-root MuiListItemButton-gutters MuiListItemButton-root MuiListItemButton-gutters css-yzx94z-MuiButtonBase-root-MuiListItemButton-root"
                role="button"
                tabindex="0"
              >
                <div
                  class="MuiBox-root css-sjfhw0"
                >
                  <div
                    class="MuiBox-root css-1g9x5we"
                  />
                  <p
                    class="MuiTypography-root MuiTypography-body1 button-text css-1ixorw4-MuiTypography-root"
                  >
                    repository.id
                  </p>
                </div>
                <span
                  class="MuiTouchRipple-root css-8je8zh-MuiTouchRipple-root"
                />
              </div>
              <div
                class="MuiButtonBase-root MuiListItemButton-root MuiListItemButton-gutters MuiListItemButton-root MuiListItemButton-gutters css-yzx94z-MuiButtonBase-root-MuiListItemButton-root"
                role="button"
                tabindex="0"
              >
                <div
                  class="MuiBox-root css-sjfhw0"
                >
                  <div
                    class="MuiBox-root css-1g9x5we"
                  />
                  <p
                    class="MuiTypography-root MuiTypography-body1 button-text css-1ixorw4-MuiTypography-root"
                  >
                    pre-config.id
                  </p>
                </div>
                <span
                  class="MuiTouchRipple-root css-8je8zh-MuiTouchRipple-root"
                />
              </div>
              <div
                class="MuiButtonBase-root MuiListItemButton-root MuiListItemButton-gutters MuiListItemButton-root MuiListItemButton-gutters css-yzx94z-MuiButtonBase-root-MuiListItemButton-root"
                role="button"
                tabindex="0"
              >
                <div
                  class="MuiBox-root css-sjfhw0"
                >
                  <div
                    class="MuiBox-root css-1g9x5we"
                  />
                  <p
                    class="MuiTypography-root MuiTypography-body1 button-text css-1ixorw4-MuiTypography-root"
                  >
                    config.id
                  </p>
                </div>
                <span
                  class="MuiTouchRipple-root css-8je8zh-MuiTouchRipple-root"
                />
              </div>
            </nav>
          </div>
        </div>
        <div
          class="MuiBox-root css-euotp0"
        >
          <div
            class="MuiBox-root css-1mwjrl3"
          >
            <div
              class="MuiPaper-root MuiPaper-elevation MuiPaper-rounded MuiPaper-elevation1 MuiCard-root css-18vk9q-MuiPaper-root-MuiCard-root"
              id="organization.id"
            >
              <div
                class="MuiCardContent-root css-1hpgiqs-MuiCardContent-root"
              >
                <div
                  class="MuiBox-root css-1glkofm"
                >
                  <div
                    class="MuiBox-root css-pw8lt9"
                    id="images"
                  >
                    <img
                      alt="green iguana"
                      class="MuiCardMedia-root MuiCardMedia-media MuiCardMedia-img css-14x8w58-MuiCardMedia-root"
                      src="/images/png/structure.png"
                    />
                  </div>
                  <div
                    class="MuiBox-root css-s4ej5b"
                    id="texts"
                  >
                    <div
                      class="MuiTypography-root MuiTypography-h5 MuiTypography-alignCenter MuiTypography-gutterBottom css-1g00ex-MuiTypography-root"
                    >
                      organization.title
                    </div>
                    <p
                      class="MuiTypography-root MuiTypography-body1 css-1oetjkv-MuiTypography-root"
                    >
                      organization.description
                    </p>
                  </div>
                </div>
              </div>
              <div
                class="MuiCardContent-root css-1hpgiqs-MuiCardContent-root"
              >
                <div
                  class="MuiBox-root css-1glkofm"
                >
                  <div
                    class="MuiBox-root css-pw8lt9"
                    id="images"
                  >
                    <img
                      alt="green iguana"
                      class="MuiCardMedia-root MuiCardMedia-media MuiCardMedia-img css-14x8w58-MuiCardMedia-root"
                      src="/images/png/development.png"
                    />
                  </div>
                  <div
                    class="MuiBox-root css-s4ej5b"
                    id="texts"
                  >
                    <div
                      class="MuiTypography-root MuiTypography-h5 MuiTypography-alignCenter MuiTypography-gutterBottom css-1g00ex-MuiTypography-root"
                    >
                      product.title
                    </div>
                    <p
                      class="MuiTypography-root MuiTypography-body1 css-1oetjkv-MuiTypography-root"
                    >
                      product.description
                    </p>
                  </div>
                </div>
              </div>
            </div>
            <div
              class="MuiPaper-root MuiPaper-elevation MuiPaper-rounded MuiPaper-elevation1 MuiCard-root css-18vk9q-MuiPaper-root-MuiCard-root"
              id="repository.id"
            >
              <div
                class="MuiCardContent-root css-1hpgiqs-MuiCardContent-root"
              >
                <div
                  class="MuiBox-root css-1glkofm"
                >
                  <div
                    class="MuiBox-root css-pw8lt9"
                    id="images"
                  >
                    <img
                      alt="green iguana"
                      class="MuiCardMedia-root MuiCardMedia-media MuiCardMedia-img css-14x8w58-MuiCardMedia-root"
                      src="/images/png/folders.png"
                    />
                  </div>
                  <div
                    class="MuiBox-root css-s4ej5b"
                    id="texts"
                  >
                    <div
                      class="MuiTypography-root MuiTypography-h5 MuiTypography-alignCenter MuiTypography-gutterBottom css-1g00ex-MuiTypography-root"
                    >
                      repository.title
                    </div>
                    <p
                      class="MuiTypography-root MuiTypography-body1 css-1oetjkv-MuiTypography-root"
                    >
                      repository.description
                    </p>
                  </div>
                </div>
              </div>
              <div
                class="MuiCardContent-root css-1hpgiqs-MuiCardContent-root"
              >
                <div
                  class="MuiBox-root css-1glkofm"
                >
                  <div
                    class="MuiBox-root css-pw8lt9"
                    id="images"
                  >
                    <img
                      alt="green iguana"
                      class="MuiCardMedia-root MuiCardMedia-media MuiCardMedia-img css-14x8w58-MuiCardMedia-root"
                      src="/images/png/new-offer.png"
                    />
                  </div>
                  <div
                    class="MuiBox-root css-s4ej5b"
                    id="texts"
                  >
                    <div
                      class="MuiTypography-root MuiTypography-h5 MuiTypography-alignCenter MuiTypography-gutterBottom css-1g00ex-MuiTypography-root"
                    >
                      release.title
                    </div>
                    <p
                      class="MuiTypography-root MuiTypography-body1 css-1oetjkv-MuiTypography-root"
                    >
                      release.description
                    </p>
                  </div>
                </div>
              </div>
            </div>
            <div
              class="MuiPaper-root MuiPaper-elevation MuiPaper-rounded MuiPaper-elevation1 MuiCard-root css-18vk9q-MuiPaper-root-MuiCard-root"
              id="pre-config.id"
            >
              <div
                class="MuiCardContent-root css-1hpgiqs-MuiCardContent-root"
              >
                <div
                  class="MuiBox-root css-1glkofm"
                >
                  <div
                    class="MuiBox-root css-pw8lt9"
                    id="images"
                  >
                    <img
                      alt="green iguana"
                      class="MuiCardMedia-root MuiCardMedia-media MuiCardMedia-img css-14x8w58-MuiCardMedia-root"
                      src="/images/png/setting.png"
                    />
                  </div>
                  <div
                    class="MuiBox-root css-s4ej5b"
                    id="texts"
                  >
                    <div
                      class="MuiTypography-root MuiTypography-h5 MuiTypography-alignCenter MuiTypography-gutterBottom css-1g00ex-MuiTypography-root"
                    >
                      pre-config.title
                    </div>
                    <p
                      class="MuiTypography-root MuiTypography-body1 css-1oetjkv-MuiTypography-root"
                    >
                      pre-config.description
                    </p>
                  </div>
                </div>
              </div>
            </div>
            <div
              class="MuiPaper-root MuiPaper-elevation MuiPaper-rounded MuiPaper-elevation1 MuiCard-root css-18vk9q-MuiPaper-root-MuiCard-root"
              id="config.id"
            >
              <div
                class="MuiCardContent-root css-1hpgiqs-MuiCardContent-root"
              >
                <div
                  class="MuiBox-root css-1glkofm"
                >
                  <div
                    class="MuiBox-root css-pw8lt9"
                    id="images"
                  >
                    <img
                      alt="green iguana"
                      class="MuiCardMedia-root MuiCardMedia-media MuiCardMedia-img css-14x8w58-MuiCardMedia-root"
                      src="/images/png/web-management.png"
                    />
                  </div>
                  <div
                    class="MuiBox-root css-s4ej5b"
                    id="texts"
                  >
                    <div
                      class="MuiTypography-root MuiTypography-h5 MuiTypography-alignCenter MuiTypography-gutterBottom css-1g00ex-MuiTypography-root"
                    >
                      config.title
                    </div>
                    <p
                      class="MuiTypography-root MuiTypography-body1 css-1oetjkv-MuiTypography-root"
                    >
                      config.description
                    </p>
                  </div>
                </div>
              </div>
            </div>
          </div>
        </div>
      </div>
    </div>
  </div>,
  "debug": [Function],
  "findAllByAltText": [Function],
  "findAllByDisplayValue": [Function],
  "findAllByLabelText": [Function],
  "findAllByPlaceholderText": [Function],
  "findAllByRole": [Function],
  "findAllByTestId": [Function],
  "findAllByText": [Function],
  "findAllByTitle": [Function],
  "findByAltText": [Function],
  "findByDisplayValue": [Function],
  "findByLabelText": [Function],
  "findByPlaceholderText": [Function],
  "findByRole": [Function],
  "findByTestId": [Function],
  "findByText": [Function],
  "findByTitle": [Function],
  "getAllByAltText": [Function],
  "getAllByDisplayValue": [Function],
  "getAllByLabelText": [Function],
  "getAllByPlaceholderText": [Function],
  "getAllByRole": [Function],
  "getAllByTestId": [Function],
  "getAllByText": [Function],
  "getAllByTitle": [Function],
  "getByAltText": [Function],
  "getByDisplayValue": [Function],
  "getByLabelText": [Function],
  "getByPlaceholderText": [Function],
  "getByRole": [Function],
  "getByTestId": [Function],
  "getByText": [Function],
  "getByTitle": [Function],
  "queryAllByAltText": [Function],
  "queryAllByDisplayValue": [Function],
  "queryAllByLabelText": [Function],
  "queryAllByPlaceholderText": [Function],
  "queryAllByRole": [Function],
  "queryAllByTestId": [Function],
  "queryAllByText": [Function],
  "queryAllByTitle": [Function],
  "queryByAltText": [Function],
  "queryByDisplayValue": [Function],
  "queryByLabelText": [Function],
  "queryByPlaceholderText": [Function],
  "queryByRole": [Function],
  "queryByTestId": [Function],
  "queryByText": [Function],
  "queryByTitle": [Function],
  "rerender": [Function],
  "unmount": [Function],
}
`;
