// Jest Snapshot v1, https://goo.gl/fbAQLP

exports[`<ReleaseGoals /> Snapshot Deve corresponder ao Snapshot 1`] = `
Object {
  "asFragment": [Function],
  "baseElement": <body>
    <div>
      <div
        class="styles__Header-sc-ki0fgv-0 hAZQDu"
      >
        <h1
          style="color: rgb(51, 86, 142); font-weight: 500;"
        >
          Balancear a Meta de Qualidade
        </h1>
        <p>
          Nesta etapa, é possível estabelecer metas para as características que serão observadas na release. É importante ressaltar que essas características de qualidade estão inter-relacionadas, ou seja, ao modificar a meta de uma característica, as demais também serão afetadas.
        </p>
        <p>
          Ao clicar em 'Permitir o balanceamento dinâmico', as alterações feitas em uma característica não afetarão automaticamente as demais, permitindo uma flexibilidade maior no planejamento da release.
        </p>
        <div
          class="MuiBox-root css-0"
        >
          <p
            class="MuiTypography-root MuiTypography-body1 css-1psv697-MuiTypography-root"
          >
            <span
              class="MuiButtonBase-root MuiCheckbox-root MuiCheckbox-colorPrimary PrivateSwitchBase-root MuiCheckbox-root MuiCheckbox-colorPrimary MuiCheckbox-root MuiCheckbox-colorPrimary css-12cb8cj-MuiButtonBase-root-MuiCheckbox-root"
            >
              <input
                class="PrivateSwitchBase-input css-1m9pwf3"
                data-indeterminate="false"
                name="allowDynamicBalanceCheckbox"
                type="checkbox"
              />
              <svg
                aria-hidden="true"
                class="MuiSvgIcon-root MuiSvgIcon-fontSizeMedium css-i4bv87-MuiSvgIcon-root"
                data-testid="CheckBoxOutlineBlankIcon"
                focusable="false"
                viewBox="0 0 24 24"
              >
                <path
                  d="M19 5v14H5V5h14m0-2H5c-1.1 0-2 .9-2 2v14c0 1.1.9 2 2 2h14c1.1 0 2-.9 2-2V5c0-1.1-.9-2-2-2z"
                />
              </svg>
              <span
                class="MuiTouchRipple-root css-8je8zh-MuiTouchRipple-root"
              />
            </span>
            Permitir o balanceamento dinâmico
          </p>
        </div>
      </div>
      <div
        class="styles__Body-sc-ki0fgv-1 dEJEjT"
      >
        <div>
          <strong>
            asdasd
          </strong>
          <p>
            2022-09-18
             - 
            2022-09-25
          </p>
        </div>
        <div
          class="MuiBox-root css-ckc6o3"
        >
          <div
            class="MuiBox-root css-t0lfuy"
          />
          <div
            class="styles__Labels-sc-duigeu-0 zNSqE"
          />
        </div>
      </div>
    </div>
  </body>,
  "container": <div>
    <div
      class="styles__Header-sc-ki0fgv-0 hAZQDu"
    >
      <h1
        style="color: rgb(51, 86, 142); font-weight: 500;"
      >
        Balancear a Meta de Qualidade
      </h1>
      <p>
        Nesta etapa, é possível estabelecer metas para as características que serão observadas na release. É importante ressaltar que essas características de qualidade estão inter-relacionadas, ou seja, ao modificar a meta de uma característica, as demais também serão afetadas.
      </p>
      <p>
        Ao clicar em 'Permitir o balanceamento dinâmico', as alterações feitas em uma característica não afetarão automaticamente as demais, permitindo uma flexibilidade maior no planejamento da release.
      </p>
      <div
        class="MuiBox-root css-0"
      >
        <p
          class="MuiTypography-root MuiTypography-body1 css-1psv697-MuiTypography-root"
        >
          <span
            class="MuiButtonBase-root MuiCheckbox-root MuiCheckbox-colorPrimary PrivateSwitchBase-root MuiCheckbox-root MuiCheckbox-colorPrimary MuiCheckbox-root MuiCheckbox-colorPrimary css-12cb8cj-MuiButtonBase-root-MuiCheckbox-root"
          >
            <input
              class="PrivateSwitchBase-input css-1m9pwf3"
              data-indeterminate="false"
              name="allowDynamicBalanceCheckbox"
              type="checkbox"
            />
            <svg
              aria-hidden="true"
              class="MuiSvgIcon-root MuiSvgIcon-fontSizeMedium css-i4bv87-MuiSvgIcon-root"
              data-testid="CheckBoxOutlineBlankIcon"
              focusable="false"
              viewBox="0 0 24 24"
            >
              <path
                d="M19 5v14H5V5h14m0-2H5c-1.1 0-2 .9-2 2v14c0 1.1.9 2 2 2h14c1.1 0 2-.9 2-2V5c0-1.1-.9-2-2-2z"
              />
            </svg>
            <span
              class="MuiTouchRipple-root css-8je8zh-MuiTouchRipple-root"
            />
          </span>
          Permitir o balanceamento dinâmico
        </p>
      </div>
    </div>
    <div
      class="styles__Body-sc-ki0fgv-1 dEJEjT"
    >
      <div>
        <strong>
          asdasd
        </strong>
        <p>
          2022-09-18
           - 
          2022-09-25
        </p>
      </div>
      <div
        class="MuiBox-root css-ckc6o3"
      >
        <div
          class="MuiBox-root css-t0lfuy"
        />
        <div
          class="styles__Labels-sc-duigeu-0 zNSqE"
        />
      </div>
    </div>
  </div>,
  "debug": [Function],
  "findAllByAltText": [Function],
  "findAllByDisplayValue": [Function],
  "findAllByLabelText": [Function],
  "findAllByPlaceholderText": [Function],
  "findAllByRole": [Function],
  "findAllByTestId": [Function],
  "findAllByText": [Function],
  "findAllByTitle": [Function],
  "findByAltText": [Function],
  "findByDisplayValue": [Function],
  "findByLabelText": [Function],
  "findByPlaceholderText": [Function],
  "findByRole": [Function],
  "findByTestId": [Function],
  "findByText": [Function],
  "findByTitle": [Function],
  "getAllByAltText": [Function],
  "getAllByDisplayValue": [Function],
  "getAllByLabelText": [Function],
  "getAllByPlaceholderText": [Function],
  "getAllByRole": [Function],
  "getAllByTestId": [Function],
  "getAllByText": [Function],
  "getAllByTitle": [Function],
  "getByAltText": [Function],
  "getByDisplayValue": [Function],
  "getByLabelText": [Function],
  "getByPlaceholderText": [Function],
  "getByRole": [Function],
  "getByTestId": [Function],
  "getByText": [Function],
  "getByTitle": [Function],
  "queryAllByAltText": [Function],
  "queryAllByDisplayValue": [Function],
  "queryAllByLabelText": [Function],
  "queryAllByPlaceholderText": [Function],
  "queryAllByRole": [Function],
  "queryAllByTestId": [Function],
  "queryAllByText": [Function],
  "queryAllByTitle": [Function],
  "queryByAltText": [Function],
  "queryByDisplayValue": [Function],
  "queryByLabelText": [Function],
  "queryByPlaceholderText": [Function],
  "queryByRole": [Function],
  "queryByTestId": [Function],
  "queryByText": [Function],
  "queryByTitle": [Function],
  "rerender": [Function],
  "unmount": [Function],
}
`;
