// Jest Snapshot v1, https://goo.gl/fbAQLP

exports[`Home Snapshot Deve corresponder ao Snapshot 1`] = `
Object {
  "asFragment": [Function],
  "baseElement": <body>
    <div>
      <div
        class="MuiContainer-root MuiContainer-maxWidthLg css-1oqqzyl-MuiContainer-root"
      >
        <div
          class="MuiBox-root css-j7qwjs"
        >
          <div
            class="MuiBox-root css-xlzmne"
          >
            <div
              class="MuiBox-root css-k008qs"
            >
              <h4
                class="MuiTypography-root MuiTypography-h4 css-5lbw0b-MuiTypography-root"
              >
                Bem vindo
              </h4>
              <h4
                class="MuiTypography-root MuiTypography-h4 css-5lbw0b-MuiTypography-root"
              />
              <h4
                class="MuiTypography-root MuiTypography-h4 css-10l90ij-MuiTypography-root"
              >
                :)
              </h4>
            </div>
            <h5
              class="MuiTypography-root MuiTypography-h5 css-ag7rrr-MuiTypography-root"
            >
              Aqui você irá entender como funciona nosso produto!
            </h5>
          </div>
          <div
            class="MuiBox-root css-1ubycfv"
          >
            <div
              class="MuiBox-root css-1n8etdr"
            >
              <nav
                class="MuiList-root MuiList-padding css-h4y409-MuiList-root"
              >
                <div
                  class="MuiButtonBase-root MuiListItemButton-root MuiListItemButton-gutters Mui-selected MuiListItemButton-root MuiListItemButton-gutters Mui-selected css-llb1ir-MuiButtonBase-root-MuiListItemButton-root"
                  role="button"
                  tabindex="0"
                >
                  <div
                    class="MuiBox-root css-sjfhw0"
                  >
                    <div
                      class="MuiBox-root css-1g9x5we"
                    >
                      <div
                        class="MuiListItemIcon-root css-cveggr-MuiListItemIcon-root"
                      >
                        <svg
                          aria-hidden="true"
                          class="MuiSvgIcon-root MuiSvgIcon-fontSizeMedium css-i4bv87-MuiSvgIcon-root"
                          data-testid="EastOutlinedIcon"
                          focusable="false"
                          viewBox="0 0 24 24"
                        >
                          <path
                            d="m15 5-1.41 1.41L18.17 11H2v2h16.17l-4.59 4.59L15 19l7-7-7-7z"
                          />
                        </svg>
                      </div>
                    </div>
                    <p
                      class="MuiTypography-root MuiTypography-body1 button-text css-1ixorw4-MuiTypography-root"
                    >
                      Organizações e Produtos
                    </p>
                  </div>
                  <span
                    class="MuiTouchRipple-root css-8je8zh-MuiTouchRipple-root"
                  />
                </div>
                <div
                  class="MuiButtonBase-root MuiListItemButton-root MuiListItemButton-gutters MuiListItemButton-root MuiListItemButton-gutters css-yzx94z-MuiButtonBase-root-MuiListItemButton-root"
                  role="button"
                  tabindex="0"
                >
                  <div
                    class="MuiBox-root css-sjfhw0"
                  >
                    <div
                      class="MuiBox-root css-1g9x5we"
                    />
                    <p
                      class="MuiTypography-root MuiTypography-body1 button-text css-1ixorw4-MuiTypography-root"
                    >
                      Repositórios e Releases
                    </p>
                  </div>
                  <span
                    class="MuiTouchRipple-root css-8je8zh-MuiTouchRipple-root"
                  />
                </div>
                <div
                  class="MuiButtonBase-root MuiListItemButton-root MuiListItemButton-gutters MuiListItemButton-root MuiListItemButton-gutters css-yzx94z-MuiButtonBase-root-MuiListItemButton-root"
                  role="button"
                  tabindex="0"
                >
                  <div
                    class="MuiBox-root css-sjfhw0"
                  >
                    <div
                      class="MuiBox-root css-1g9x5we"
                    />
                    <p
                      class="MuiTypography-root MuiTypography-body1 button-text css-1ixorw4-MuiTypography-root"
                    >
                      Gráficos
                    </p>
                  </div>
                  <span
                    class="MuiTouchRipple-root css-8je8zh-MuiTouchRipple-root"
                  />
                </div>
                <div
                  class="MuiButtonBase-root MuiListItemButton-root MuiListItemButton-gutters MuiListItemButton-root MuiListItemButton-gutters css-yzx94z-MuiButtonBase-root-MuiListItemButton-root"
                  role="button"
                  tabindex="0"
                >
                  <div
                    class="MuiBox-root css-sjfhw0"
                  >
                    <div
                      class="MuiBox-root css-1g9x5we"
                    />
                    <p
                      class="MuiTypography-root MuiTypography-body1 button-text css-1ixorw4-MuiTypography-root"
                    >
                      Configuração
                    </p>
                  </div>
                  <span
                    class="MuiTouchRipple-root css-8je8zh-MuiTouchRipple-root"
                  />
                </div>
                <div
                  class="MuiButtonBase-root MuiListItemButton-root MuiListItemButton-gutters MuiListItemButton-root MuiListItemButton-gutters css-yzx94z-MuiButtonBase-root-MuiListItemButton-root"
                  role="button"
                  tabindex="0"
                >
                  <div
                    class="MuiBox-root css-sjfhw0"
                  >
                    <div
                      class="MuiBox-root css-1g9x5we"
                    />
                    <p
                      class="MuiTypography-root MuiTypography-body1 button-text css-1ixorw4-MuiTypography-root"
                    >
                      Pré-configuração
                    </p>
                  </div>
                  <span
                    class="MuiTouchRipple-root css-8je8zh-MuiTouchRipple-root"
                  />
                </div>
              </nav>
            </div>
            <div
              class="MuiBox-root css-1uaf3dj"
            >
              <div
                class="MuiPaper-root MuiPaper-elevation MuiPaper-rounded MuiPaper-elevation1 MuiCard-root css-fkgg26-MuiPaper-root-MuiCard-root"
                id="Organizações e Produtos"
              >
                <div
                  class="MuiCardContent-root css-1hpgiqs-MuiCardContent-root"
                >
                  <div
                    class="MuiBox-root css-6pip1a"
                  >
                    <img
                      alt="green iguana"
                      class="MuiCardMedia-root MuiCardMedia-media MuiCardMedia-img css-1hw6092-MuiCardMedia-root"
                      src="/images/png/organizations.png"
                    />
                    <div
                      class="MuiBox-root css-s4ej5b"
                    >
                      <div
                        class="MuiTypography-root MuiTypography-h5 MuiTypography-alignCenter MuiTypography-gutterBottom css-68fhrh-MuiTypography-root"
                      >
                        Organizações
                      </div>
                      <p
                        class="MuiTypography-root MuiTypography-body1 css-1uwgr7b-MuiTypography-root"
                      >
                        Organização é uma palavra originada do grego "organon", que significa instrumento, utensílio. Em Administração, o termo "organização" pode ter três sentidos: Associação de pessoas que combinam esforços individuais e em equipe com a finalidade de realizar propósitos colectivos
                      </p>
                    </div>
                  </div>
                </div>
                <div
                  class="MuiCardContent-root css-1hpgiqs-MuiCardContent-root"
                >
                  <div
                    class="MuiBox-root css-6pip1a"
                  >
                    <img
                      alt="green iguana"
                      class="MuiCardMedia-root MuiCardMedia-media MuiCardMedia-img css-1hw6092-MuiCardMedia-root"
                      src="/images/png/products.png"
                    />
                    <div
                      class="MuiBox-root css-s4ej5b"
                    >
                      <div
                        class="MuiTypography-root MuiTypography-h5 MuiTypography-alignCenter MuiTypography-gutterBottom css-68fhrh-MuiTypography-root"
                      >
                        Produtos
                      </div>
                      <p
                        class="MuiTypography-root MuiTypography-body1 css-1uwgr7b-MuiTypography-root"
                      >
                        Um projeto em "negócio" e ciência é normalmente definido como um empreendimento, frequentemente envolvendo pesquisa ou desenho, que tem como objetivo alcançar um resultado exclusivo
                      </p>
                    </div>
                  </div>
                  <div
                    class="MuiBox-root css-1wa6n9r"
                  >
                    <button
                      class="MuiButtonBase-root MuiButton-root MuiButton-contained MuiButton-containedPrimary MuiButton-sizeMedium MuiButton-containedSizeMedium MuiButton-fullWidth MuiButton-root MuiButton-contained MuiButton-containedPrimary MuiButton-sizeMedium MuiButton-containedSizeMedium MuiButton-fullWidth css-1fu7jd5-MuiButtonBase-root-MuiButton-root"
                      tabindex="0"
                      type="button"
                    >
                      Ir para
                      <span
                        class="MuiTouchRipple-root css-8je8zh-MuiTouchRipple-root"
                      />
                    </button>
                  </div>
                </div>
              </div>
              <div
                class="MuiPaper-root MuiPaper-elevation MuiPaper-rounded MuiPaper-elevation1 MuiCard-root css-fkgg26-MuiPaper-root-MuiCard-root"
                id="Repositórios e Releases"
              >
                <div
                  class="MuiCardContent-root css-1hpgiqs-MuiCardContent-root"
                >
                  <div
                    class="MuiBox-root css-6pip1a"
                  >
                    <img
                      alt="green iguana"
                      class="MuiCardMedia-root MuiCardMedia-media MuiCardMedia-img css-1hw6092-MuiCardMedia-root"
                      src="/images/png/repository.png"
                    />
                    <div
                      class="MuiBox-root css-s4ej5b"
                    >
                      <div
                        class="MuiTypography-root MuiTypography-h5 MuiTypography-alignCenter MuiTypography-gutterBottom css-68fhrh-MuiTypography-root"
                      >
                        Repositórios
                      </div>
                      <p
                        class="MuiTypography-root MuiTypography-body1 css-1uwgr7b-MuiTypography-root"
                      >
                        Organização é uma palavra originada do grego "organon", que significa instrumento, utensílio. Em Administração, o termo "organização" pode ter três sentidos: Associação de pessoas que combinam esforços individuais e em equipe com a finalidade de realizar propósitos colectivos
                      </p>
                    </div>
                  </div>
                </div>
                <div
                  class="MuiCardContent-root css-1hpgiqs-MuiCardContent-root"
                >
                  <div
                    class="MuiBox-root css-6pip1a"
                  >
                    <img
                      alt="green iguana"
                      class="MuiCardMedia-root MuiCardMedia-media MuiCardMedia-img css-1hw6092-MuiCardMedia-root"
                      src="/images/png/release.png"
                    />
                    <div
                      class="MuiBox-root css-s4ej5b"
                    >
                      <div
                        class="MuiTypography-root MuiTypography-h5 MuiTypography-alignCenter MuiTypography-gutterBottom css-68fhrh-MuiTypography-root"
                      >
                        Releases
                      </div>
                      <p
                        class="MuiTypography-root MuiTypography-body1 css-1uwgr7b-MuiTypography-root"
                      >
                        Um projeto em "negócio" e ciência é normalmente definido como um empreendimento, frequentemente envolvendo pesquisa ou desenho, que tem como objetivo alcançar um resultado exclusivo
                      </p>
                    </div>
                  </div>
                  <div
                    class="MuiBox-root css-1wa6n9r"
                  >
                    <button
                      class="MuiButtonBase-root MuiButton-root MuiButton-contained MuiButton-containedPrimary MuiButton-sizeMedium MuiButton-containedSizeMedium MuiButton-fullWidth MuiButton-root MuiButton-contained MuiButton-containedPrimary MuiButton-sizeMedium MuiButton-containedSizeMedium MuiButton-fullWidth css-1fu7jd5-MuiButtonBase-root-MuiButton-root"
                      tabindex="0"
                      type="button"
                    >
                      Ir para
                      <span
                        class="MuiTouchRipple-root css-8je8zh-MuiTouchRipple-root"
                      />
                    </button>
                  </div>
                </div>
              </div>
              <div
                class="MuiPaper-root MuiPaper-elevation MuiPaper-rounded MuiPaper-elevation1 MuiCard-root css-fkgg26-MuiPaper-root-MuiCard-root"
                id="Gráficos"
              >
                <div
                  class="MuiCardContent-root css-1hpgiqs-MuiCardContent-root"
                >
                  <div
                    class="MuiBox-root css-6pip1a"
                  >
                    <img
                      alt="green iguana"
                      class="MuiCardMedia-root MuiCardMedia-media MuiCardMedia-img css-1hw6092-MuiCardMedia-root"
                      src="/images/png/charts.png"
                    />
                    <div
                      class="MuiBox-root css-s4ej5b"
                    >
                      <div
                        class="MuiTypography-root MuiTypography-h5 MuiTypography-alignCenter MuiTypography-gutterBottom css-68fhrh-MuiTypography-root"
                      >
                        Gráficos
                      </div>
                      <p
                        class="MuiTypography-root MuiTypography-body1 css-1uwgr7b-MuiTypography-root"
                      >
                        aobaaa
                      </p>
                    </div>
                  </div>
                </div>
              </div>
              <div
                class="MuiPaper-root MuiPaper-elevation MuiPaper-rounded MuiPaper-elevation1 MuiCard-root css-fkgg26-MuiPaper-root-MuiCard-root"
                id="Configuração"
              >
                <div
                  class="MuiCardContent-root css-1hpgiqs-MuiCardContent-root"
                >
                  <div
                    class="MuiBox-root css-6pip1a"
                  >
                    <img
                      alt="green iguana"
                      class="MuiCardMedia-root MuiCardMedia-media MuiCardMedia-img css-1hw6092-MuiCardMedia-root"
                      src="/images/png/config.png"
                    />
                    <div
                      class="MuiBox-root css-s4ej5b"
                    >
                      <div
                        class="MuiTypography-root MuiTypography-h5 MuiTypography-alignCenter MuiTypography-gutterBottom css-68fhrh-MuiTypography-root"
                      >
                        Configuração
                      </div>
                      <p
                        class="MuiTypography-root MuiTypography-body1 css-1uwgr7b-MuiTypography-root"
                      >
                        Mini explicação sobre as configurações basicas e a seleção de caracteristicas
                      </p>
                    </div>
                  </div>
                </div>
              </div>
              <div
                class="MuiPaper-root MuiPaper-elevation MuiPaper-rounded MuiPaper-elevation1 MuiCard-root css-fkgg26-MuiPaper-root-MuiCard-root"
                id="Pré-configuração"
              >
                <div
                  class="MuiCardContent-root css-1hpgiqs-MuiCardContent-root"
                >
                  <div
                    class="MuiBox-root css-6pip1a"
                  >
                    <img
                      alt="green iguana"
                      class="MuiCardMedia-root MuiCardMedia-media MuiCardMedia-img css-1hw6092-MuiCardMedia-root"
                      src="/images/png/pre-config.png"
                    />
                    <div
                      class="MuiBox-root css-s4ej5b"
                    >
                      <div
                        class="MuiTypography-root MuiTypography-h5 MuiTypography-alignCenter MuiTypography-gutterBottom css-68fhrh-MuiTypography-root"
                      >
                        Pré-configuração
                      </div>
                      <p
                        class="MuiTypography-root MuiTypography-body1 css-1uwgr7b-MuiTypography-root"
                      >
                        Por meio da pré-configuração que é definido quais características, subcaracterísticas e medidas serão consideradas para mensurar a qualidade do software analisado. Na pré-configuração também é definido os pesos de cada uma das entidades definidas.
                      </p>
                    </div>
                  </div>
                </div>
              </div>
            </div>
          </div>
        </div>
      </div>
    </div>
  </body>,
  "container": <div>
    <div
      class="MuiContainer-root MuiContainer-maxWidthLg css-1oqqzyl-MuiContainer-root"
    >
      <div
        class="MuiBox-root css-j7qwjs"
      >
        <div
          class="MuiBox-root css-xlzmne"
        >
          <div
            class="MuiBox-root css-k008qs"
          >
            <h4
              class="MuiTypography-root MuiTypography-h4 css-5lbw0b-MuiTypography-root"
            >
              Bem vindo
            </h4>
            <h4
              class="MuiTypography-root MuiTypography-h4 css-5lbw0b-MuiTypography-root"
            />
            <h4
              class="MuiTypography-root MuiTypography-h4 css-10l90ij-MuiTypography-root"
            >
              :)
            </h4>
          </div>
          <h5
            class="MuiTypography-root MuiTypography-h5 css-ag7rrr-MuiTypography-root"
          >
            Aqui você irá entender como funciona nosso produto!
          </h5>
        </div>
        <div
          class="MuiBox-root css-1ubycfv"
        >
          <div
            class="MuiBox-root css-1n8etdr"
          >
            <nav
              class="MuiList-root MuiList-padding css-h4y409-MuiList-root"
            >
              <div
                class="MuiButtonBase-root MuiListItemButton-root MuiListItemButton-gutters Mui-selected MuiListItemButton-root MuiListItemButton-gutters Mui-selected css-llb1ir-MuiButtonBase-root-MuiListItemButton-root"
                role="button"
                tabindex="0"
              >
                <div
                  class="MuiBox-root css-sjfhw0"
                >
                  <div
                    class="MuiBox-root css-1g9x5we"
                  >
                    <div
                      class="MuiListItemIcon-root css-cveggr-MuiListItemIcon-root"
                    >
                      <svg
                        aria-hidden="true"
                        class="MuiSvgIcon-root MuiSvgIcon-fontSizeMedium css-i4bv87-MuiSvgIcon-root"
                        data-testid="EastOutlinedIcon"
                        focusable="false"
                        viewBox="0 0 24 24"
                      >
                        <path
                          d="m15 5-1.41 1.41L18.17 11H2v2h16.17l-4.59 4.59L15 19l7-7-7-7z"
                        />
                      </svg>
                    </div>
                  </div>
                  <p
                    class="MuiTypography-root MuiTypography-body1 button-text css-1ixorw4-MuiTypography-root"
                  >
                    Organizações e Produtos
                  </p>
                </div>
                <span
                  class="MuiTouchRipple-root css-8je8zh-MuiTouchRipple-root"
                />
              </div>
              <div
                class="MuiButtonBase-root MuiListItemButton-root MuiListItemButton-gutters MuiListItemButton-root MuiListItemButton-gutters css-yzx94z-MuiButtonBase-root-MuiListItemButton-root"
                role="button"
                tabindex="0"
              >
                <div
                  class="MuiBox-root css-sjfhw0"
                >
                  <div
                    class="MuiBox-root css-1g9x5we"
                  />
                  <p
                    class="MuiTypography-root MuiTypography-body1 button-text css-1ixorw4-MuiTypography-root"
                  >
                    Repositórios e Releases
                  </p>
                </div>
                <span
                  class="MuiTouchRipple-root css-8je8zh-MuiTouchRipple-root"
                />
              </div>
              <div
                class="MuiButtonBase-root MuiListItemButton-root MuiListItemButton-gutters MuiListItemButton-root MuiListItemButton-gutters css-yzx94z-MuiButtonBase-root-MuiListItemButton-root"
                role="button"
                tabindex="0"
              >
                <div
                  class="MuiBox-root css-sjfhw0"
                >
                  <div
                    class="MuiBox-root css-1g9x5we"
                  />
                  <p
                    class="MuiTypography-root MuiTypography-body1 button-text css-1ixorw4-MuiTypography-root"
                  >
                    Gráficos
                  </p>
                </div>
                <span
                  class="MuiTouchRipple-root css-8je8zh-MuiTouchRipple-root"
                />
              </div>
              <div
                class="MuiButtonBase-root MuiListItemButton-root MuiListItemButton-gutters MuiListItemButton-root MuiListItemButton-gutters css-yzx94z-MuiButtonBase-root-MuiListItemButton-root"
                role="button"
                tabindex="0"
              >
                <div
                  class="MuiBox-root css-sjfhw0"
                >
                  <div
                    class="MuiBox-root css-1g9x5we"
                  />
                  <p
                    class="MuiTypography-root MuiTypography-body1 button-text css-1ixorw4-MuiTypography-root"
                  >
                    Configuração
                  </p>
                </div>
                <span
                  class="MuiTouchRipple-root css-8je8zh-MuiTouchRipple-root"
                />
              </div>
              <div
                class="MuiButtonBase-root MuiListItemButton-root MuiListItemButton-gutters MuiListItemButton-root MuiListItemButton-gutters css-yzx94z-MuiButtonBase-root-MuiListItemButton-root"
                role="button"
                tabindex="0"
              >
                <div
                  class="MuiBox-root css-sjfhw0"
                >
                  <div
                    class="MuiBox-root css-1g9x5we"
                  />
                  <p
                    class="MuiTypography-root MuiTypography-body1 button-text css-1ixorw4-MuiTypography-root"
                  >
                    Pré-configuração
                  </p>
                </div>
                <span
                  class="MuiTouchRipple-root css-8je8zh-MuiTouchRipple-root"
                />
              </div>
            </nav>
          </div>
          <div
            class="MuiBox-root css-1uaf3dj"
          >
            <div
              class="MuiPaper-root MuiPaper-elevation MuiPaper-rounded MuiPaper-elevation1 MuiCard-root css-fkgg26-MuiPaper-root-MuiCard-root"
              id="Organizações e Produtos"
            >
              <div
                class="MuiCardContent-root css-1hpgiqs-MuiCardContent-root"
              >
                <div
                  class="MuiBox-root css-6pip1a"
                >
                  <img
                    alt="green iguana"
                    class="MuiCardMedia-root MuiCardMedia-media MuiCardMedia-img css-1hw6092-MuiCardMedia-root"
                    src="/images/png/organizations.png"
                  />
                  <div
                    class="MuiBox-root css-s4ej5b"
                  >
                    <div
                      class="MuiTypography-root MuiTypography-h5 MuiTypography-alignCenter MuiTypography-gutterBottom css-68fhrh-MuiTypography-root"
                    >
                      Organizações
                    </div>
                    <p
                      class="MuiTypography-root MuiTypography-body1 css-1uwgr7b-MuiTypography-root"
                    >
                      Organização é uma palavra originada do grego "organon", que significa instrumento, utensílio. Em Administração, o termo "organização" pode ter três sentidos: Associação de pessoas que combinam esforços individuais e em equipe com a finalidade de realizar propósitos colectivos
                    </p>
                  </div>
                </div>
              </div>
              <div
                class="MuiCardContent-root css-1hpgiqs-MuiCardContent-root"
              >
                <div
                  class="MuiBox-root css-6pip1a"
                >
                  <img
                    alt="green iguana"
                    class="MuiCardMedia-root MuiCardMedia-media MuiCardMedia-img css-1hw6092-MuiCardMedia-root"
                    src="/images/png/products.png"
                  />
                  <div
                    class="MuiBox-root css-s4ej5b"
                  >
                    <div
                      class="MuiTypography-root MuiTypography-h5 MuiTypography-alignCenter MuiTypography-gutterBottom css-68fhrh-MuiTypography-root"
                    >
                      Produtos
                    </div>
                    <p
                      class="MuiTypography-root MuiTypography-body1 css-1uwgr7b-MuiTypography-root"
                    >
                      Um projeto em "negócio" e ciência é normalmente definido como um empreendimento, frequentemente envolvendo pesquisa ou desenho, que tem como objetivo alcançar um resultado exclusivo
                    </p>
                  </div>
                </div>
                <div
                  class="MuiBox-root css-1wa6n9r"
                >
                  <button
                    class="MuiButtonBase-root MuiButton-root MuiButton-contained MuiButton-containedPrimary MuiButton-sizeMedium MuiButton-containedSizeMedium MuiButton-fullWidth MuiButton-root MuiButton-contained MuiButton-containedPrimary MuiButton-sizeMedium MuiButton-containedSizeMedium MuiButton-fullWidth css-1fu7jd5-MuiButtonBase-root-MuiButton-root"
                    tabindex="0"
                    type="button"
                  >
                    Ir para
                    <span
                      class="MuiTouchRipple-root css-8je8zh-MuiTouchRipple-root"
                    />
                  </button>
                </div>
              </div>
            </div>
            <div
              class="MuiPaper-root MuiPaper-elevation MuiPaper-rounded MuiPaper-elevation1 MuiCard-root css-fkgg26-MuiPaper-root-MuiCard-root"
              id="Repositórios e Releases"
            >
              <div
                class="MuiCardContent-root css-1hpgiqs-MuiCardContent-root"
              >
                <div
                  class="MuiBox-root css-6pip1a"
                >
                  <img
                    alt="green iguana"
                    class="MuiCardMedia-root MuiCardMedia-media MuiCardMedia-img css-1hw6092-MuiCardMedia-root"
                    src="/images/png/repository.png"
                  />
                  <div
                    class="MuiBox-root css-s4ej5b"
                  >
                    <div
                      class="MuiTypography-root MuiTypography-h5 MuiTypography-alignCenter MuiTypography-gutterBottom css-68fhrh-MuiTypography-root"
                    >
                      Repositórios
                    </div>
                    <p
                      class="MuiTypography-root MuiTypography-body1 css-1uwgr7b-MuiTypography-root"
                    >
                      Organização é uma palavra originada do grego "organon", que significa instrumento, utensílio. Em Administração, o termo "organização" pode ter três sentidos: Associação de pessoas que combinam esforços individuais e em equipe com a finalidade de realizar propósitos colectivos
                    </p>
                  </div>
                </div>
              </div>
              <div
                class="MuiCardContent-root css-1hpgiqs-MuiCardContent-root"
              >
                <div
                  class="MuiBox-root css-6pip1a"
                >
                  <img
                    alt="green iguana"
                    class="MuiCardMedia-root MuiCardMedia-media MuiCardMedia-img css-1hw6092-MuiCardMedia-root"
                    src="/images/png/release.png"
                  />
                  <div
                    class="MuiBox-root css-s4ej5b"
                  >
                    <div
                      class="MuiTypography-root MuiTypography-h5 MuiTypography-alignCenter MuiTypography-gutterBottom css-68fhrh-MuiTypography-root"
                    >
                      Releases
                    </div>
                    <p
                      class="MuiTypography-root MuiTypography-body1 css-1uwgr7b-MuiTypography-root"
                    >
                      Um projeto em "negócio" e ciência é normalmente definido como um empreendimento, frequentemente envolvendo pesquisa ou desenho, que tem como objetivo alcançar um resultado exclusivo
                    </p>
                  </div>
                </div>
                <div
                  class="MuiBox-root css-1wa6n9r"
                >
                  <button
                    class="MuiButtonBase-root MuiButton-root MuiButton-contained MuiButton-containedPrimary MuiButton-sizeMedium MuiButton-containedSizeMedium MuiButton-fullWidth MuiButton-root MuiButton-contained MuiButton-containedPrimary MuiButton-sizeMedium MuiButton-containedSizeMedium MuiButton-fullWidth css-1fu7jd5-MuiButtonBase-root-MuiButton-root"
                    tabindex="0"
                    type="button"
                  >
                    Ir para
                    <span
                      class="MuiTouchRipple-root css-8je8zh-MuiTouchRipple-root"
                    />
                  </button>
                </div>
              </div>
            </div>
            <div
              class="MuiPaper-root MuiPaper-elevation MuiPaper-rounded MuiPaper-elevation1 MuiCard-root css-fkgg26-MuiPaper-root-MuiCard-root"
              id="Gráficos"
            >
              <div
                class="MuiCardContent-root css-1hpgiqs-MuiCardContent-root"
              >
                <div
                  class="MuiBox-root css-6pip1a"
                >
                  <img
                    alt="green iguana"
                    class="MuiCardMedia-root MuiCardMedia-media MuiCardMedia-img css-1hw6092-MuiCardMedia-root"
                    src="/images/png/charts.png"
                  />
                  <div
                    class="MuiBox-root css-s4ej5b"
                  >
                    <div
                      class="MuiTypography-root MuiTypography-h5 MuiTypography-alignCenter MuiTypography-gutterBottom css-68fhrh-MuiTypography-root"
                    >
                      Gráficos
                    </div>
                    <p
                      class="MuiTypography-root MuiTypography-body1 css-1uwgr7b-MuiTypography-root"
                    >
                      aobaaa
                    </p>
                  </div>
                </div>
              </div>
            </div>
            <div
              class="MuiPaper-root MuiPaper-elevation MuiPaper-rounded MuiPaper-elevation1 MuiCard-root css-fkgg26-MuiPaper-root-MuiCard-root"
              id="Configuração"
            >
              <div
                class="MuiCardContent-root css-1hpgiqs-MuiCardContent-root"
              >
                <div
                  class="MuiBox-root css-6pip1a"
                >
                  <img
                    alt="green iguana"
                    class="MuiCardMedia-root MuiCardMedia-media MuiCardMedia-img css-1hw6092-MuiCardMedia-root"
                    src="/images/png/config.png"
                  />
                  <div
                    class="MuiBox-root css-s4ej5b"
                  >
                    <div
                      class="MuiTypography-root MuiTypography-h5 MuiTypography-alignCenter MuiTypography-gutterBottom css-68fhrh-MuiTypography-root"
                    >
                      Configuração
                    </div>
                    <p
                      class="MuiTypography-root MuiTypography-body1 css-1uwgr7b-MuiTypography-root"
                    >
                      Mini explicação sobre as configurações basicas e a seleção de caracteristicas
                    </p>
                  </div>
                </div>
              </div>
            </div>
            <div
              class="MuiPaper-root MuiPaper-elevation MuiPaper-rounded MuiPaper-elevation1 MuiCard-root css-fkgg26-MuiPaper-root-MuiCard-root"
              id="Pré-configuração"
            >
              <div
                class="MuiCardContent-root css-1hpgiqs-MuiCardContent-root"
              >
                <div
                  class="MuiBox-root css-6pip1a"
                >
                  <img
                    alt="green iguana"
                    class="MuiCardMedia-root MuiCardMedia-media MuiCardMedia-img css-1hw6092-MuiCardMedia-root"
                    src="/images/png/pre-config.png"
                  />
                  <div
                    class="MuiBox-root css-s4ej5b"
                  >
                    <div
                      class="MuiTypography-root MuiTypography-h5 MuiTypography-alignCenter MuiTypography-gutterBottom css-68fhrh-MuiTypography-root"
                    >
                      Pré-configuração
                    </div>
                    <p
                      class="MuiTypography-root MuiTypography-body1 css-1uwgr7b-MuiTypography-root"
                    >
                      Por meio da pré-configuração que é definido quais características, subcaracterísticas e medidas serão consideradas para mensurar a qualidade do software analisado. Na pré-configuração também é definido os pesos de cada uma das entidades definidas.
                    </p>
                  </div>
                </div>
              </div>
            </div>
          </div>
        </div>
      </div>
    </div>
  </div>,
  "debug": [Function],
  "findAllByAltText": [Function],
  "findAllByDisplayValue": [Function],
  "findAllByLabelText": [Function],
  "findAllByPlaceholderText": [Function],
  "findAllByRole": [Function],
  "findAllByTestId": [Function],
  "findAllByText": [Function],
  "findAllByTitle": [Function],
  "findByAltText": [Function],
  "findByDisplayValue": [Function],
  "findByLabelText": [Function],
  "findByPlaceholderText": [Function],
  "findByRole": [Function],
  "findByTestId": [Function],
  "findByText": [Function],
  "findByTitle": [Function],
  "getAllByAltText": [Function],
  "getAllByDisplayValue": [Function],
  "getAllByLabelText": [Function],
  "getAllByPlaceholderText": [Function],
  "getAllByRole": [Function],
  "getAllByTestId": [Function],
  "getAllByText": [Function],
  "getAllByTitle": [Function],
  "getByAltText": [Function],
  "getByDisplayValue": [Function],
  "getByLabelText": [Function],
  "getByPlaceholderText": [Function],
  "getByRole": [Function],
  "getByTestId": [Function],
  "getByText": [Function],
  "getByTitle": [Function],
  "queryAllByAltText": [Function],
  "queryAllByDisplayValue": [Function],
  "queryAllByLabelText": [Function],
  "queryAllByPlaceholderText": [Function],
  "queryAllByRole": [Function],
  "queryAllByTestId": [Function],
  "queryAllByText": [Function],
  "queryAllByTitle": [Function],
  "queryByAltText": [Function],
  "queryByDisplayValue": [Function],
  "queryByLabelText": [Function],
  "queryByPlaceholderText": [Function],
  "queryByRole": [Function],
  "queryByTestId": [Function],
  "queryByText": [Function],
  "queryByTitle": [Function],
  "rerender": [Function],
  "unmount": [Function],
}
`;
