// Jest Snapshot v1, https://goo.gl/fbAQLP

exports[`Repository Snapshot Deve corresponder ao Snapshot 1`] = `
Object {
  "asFragment": [Function],
  "baseElement": <body>
    <div>
      <div
        class="MuiBox-root css-kzcie9"
      >
        <div
          class="styles__FilterBackground-sc-n9f0ab-0 kGdXmE"
        >
          <div
            class="MuiBox-root css-1k25d3d"
          >
            <div
              class="MuiBox-root css-l57rop"
            >
              <span
                class="MuiSkeleton-root MuiSkeleton-text MuiSkeleton-pulse css-1n7gpw1-MuiSkeleton-root"
                data-testid="shimmer"
                style="width: 200px; height: 32px;"
              />
              <div
                class="MuiBox-root css-vqe3zw"
              >
                <span
                  class="MuiSkeleton-root MuiSkeleton-text MuiSkeleton-pulse css-1n7gpw1-MuiSkeleton-root"
                  data-testid="shimmer"
                  style="width: 180px; height: 25px;"
                />
                <span
                  class="MuiSkeleton-root MuiSkeleton-text MuiSkeleton-pulse css-1n7gpw1-MuiSkeleton-root"
                  data-testid="shimmer"
                  style="width: 180px; height: 25px;"
                />
              </div>
            </div>
            <div
              class="MuiBox-root css-l57rop"
            >
              <span
                class="MuiSkeleton-root MuiSkeleton-text MuiSkeleton-pulse css-1n7gpw1-MuiSkeleton-root"
                data-testid="shimmer"
                style="width: 200px; height: 32px;"
              />
              <div
                class="MuiBox-root css-vqe3zw"
              >
                <span
                  class="MuiSkeleton-root MuiSkeleton-text MuiSkeleton-pulse css-1n7gpw1-MuiSkeleton-root"
                  data-testid="shimmer"
                  style="width: 180px; height: 25px;"
                />
                <span
                  class="MuiSkeleton-root MuiSkeleton-text MuiSkeleton-pulse css-1n7gpw1-MuiSkeleton-root"
                  data-testid="shimmer"
                  style="width: 180px; height: 25px;"
                />
              </div>
            </div>
          </div>
        </div>
        <div
          class="MuiContainer-root MuiContainer-maxWidthLg css-1oqqzyl-MuiContainer-root"
        >
          <div
            class="MuiBox-root css-1ypheah"
          >
            <div
              class="MuiBox-root css-0"
            >
              <span
                class="MuiSkeleton-root MuiSkeleton-text MuiSkeleton-pulse css-1n7gpw1-MuiSkeleton-root"
                data-testid="shimmer"
                style="width: 400px; height: 50px;"
              />
              <span
                class="MuiSkeleton-root MuiSkeleton-text MuiSkeleton-pulse css-1n7gpw1-MuiSkeleton-root"
                data-testid="shimmer"
                style="width: 200px; height: 16px;"
              />
            </div>
          </div>
          <div
            class="MuiBox-root css-0"
          >
            <span
              class="MuiSkeleton-root MuiSkeleton-rectangular MuiSkeleton-pulse css-58ftfq-MuiSkeleton-root"
              data-testid="shimmer"
              style="height: 280px;"
            />
          </div>
        </div>
      </div>
    </div>
  </body>,
  "container": <div>
    <div
      class="MuiBox-root css-kzcie9"
    >
      <div
        class="styles__FilterBackground-sc-n9f0ab-0 kGdXmE"
      >
        <div
          class="MuiBox-root css-1k25d3d"
        >
          <div
            class="MuiBox-root css-l57rop"
          >
            <span
              class="MuiSkeleton-root MuiSkeleton-text MuiSkeleton-pulse css-1n7gpw1-MuiSkeleton-root"
              data-testid="shimmer"
              style="width: 200px; height: 32px;"
            />
            <div
              class="MuiBox-root css-vqe3zw"
            >
              <span
                class="MuiSkeleton-root MuiSkeleton-text MuiSkeleton-pulse css-1n7gpw1-MuiSkeleton-root"
                data-testid="shimmer"
                style="width: 180px; height: 25px;"
              />
              <span
                class="MuiSkeleton-root MuiSkeleton-text MuiSkeleton-pulse css-1n7gpw1-MuiSkeleton-root"
                data-testid="shimmer"
                style="width: 180px; height: 25px;"
              />
            </div>
          </div>
          <div
            class="MuiBox-root css-l57rop"
          >
            <span
              class="MuiSkeleton-root MuiSkeleton-text MuiSkeleton-pulse css-1n7gpw1-MuiSkeleton-root"
              data-testid="shimmer"
              style="width: 200px; height: 32px;"
            />
            <div
              class="MuiBox-root css-vqe3zw"
            >
              <span
                class="MuiSkeleton-root MuiSkeleton-text MuiSkeleton-pulse css-1n7gpw1-MuiSkeleton-root"
                data-testid="shimmer"
                style="width: 180px; height: 25px;"
              />
              <span
                class="MuiSkeleton-root MuiSkeleton-text MuiSkeleton-pulse css-1n7gpw1-MuiSkeleton-root"
                data-testid="shimmer"
                style="width: 180px; height: 25px;"
              />
            </div>
          </div>
        </div>
      </div>
      <div
        class="MuiContainer-root MuiContainer-maxWidthLg css-1oqqzyl-MuiContainer-root"
      >
        <div
          class="MuiBox-root css-1ypheah"
        >
          <div
            class="MuiBox-root css-0"
          >
            <span
              class="MuiSkeleton-root MuiSkeleton-text MuiSkeleton-pulse css-1n7gpw1-MuiSkeleton-root"
              data-testid="shimmer"
              style="width: 400px; height: 50px;"
            />
            <span
              class="MuiSkeleton-root MuiSkeleton-text MuiSkeleton-pulse css-1n7gpw1-MuiSkeleton-root"
              data-testid="shimmer"
              style="width: 200px; height: 16px;"
            />
          </div>
        </div>
        <div
          class="MuiBox-root css-0"
        >
          <span
            class="MuiSkeleton-root MuiSkeleton-rectangular MuiSkeleton-pulse css-58ftfq-MuiSkeleton-root"
            data-testid="shimmer"
            style="height: 280px;"
          />
        </div>
      </div>
    </div>
  </div>,
  "debug": [Function],
  "findAllByAltText": [Function],
  "findAllByDisplayValue": [Function],
  "findAllByLabelText": [Function],
  "findAllByPlaceholderText": [Function],
  "findAllByRole": [Function],
  "findAllByTestId": [Function],
  "findAllByText": [Function],
  "findAllByTitle": [Function],
  "findByAltText": [Function],
  "findByDisplayValue": [Function],
  "findByLabelText": [Function],
  "findByPlaceholderText": [Function],
  "findByRole": [Function],
  "findByTestId": [Function],
  "findByText": [Function],
  "findByTitle": [Function],
  "getAllByAltText": [Function],
  "getAllByDisplayValue": [Function],
  "getAllByLabelText": [Function],
  "getAllByPlaceholderText": [Function],
  "getAllByRole": [Function],
  "getAllByTestId": [Function],
  "getAllByText": [Function],
  "getAllByTitle": [Function],
  "getByAltText": [Function],
  "getByDisplayValue": [Function],
  "getByLabelText": [Function],
  "getByPlaceholderText": [Function],
  "getByRole": [Function],
  "getByTestId": [Function],
  "getByText": [Function],
  "getByTitle": [Function],
  "queryAllByAltText": [Function],
  "queryAllByDisplayValue": [Function],
  "queryAllByLabelText": [Function],
  "queryAllByPlaceholderText": [Function],
  "queryAllByRole": [Function],
  "queryAllByTestId": [Function],
  "queryAllByText": [Function],
  "queryAllByTitle": [Function],
  "queryByAltText": [Function],
  "queryByDisplayValue": [Function],
  "queryByLabelText": [Function],
  "queryByPlaceholderText": [Function],
  "queryByRole": [Function],
  "queryByTestId": [Function],
  "queryByText": [Function],
  "queryByTitle": [Function],
  "rerender": [Function],
  "unmount": [Function],
}
`;
